E:\distr\Java\JDK_17\bin\java.exe -XX:TieredStopAtLevel=1 -noverify -Dspring.output.ansi.enabled=always -Dcom.sun.management.jmxremote -Dspring.jmx.enabled=true -Dspring.liveBeansView.mbeanDomain -Dspring.application.admin.enabled=true "-javaagent:C:\Program Files\JetBrains\IntelliJ IDEA 2022.1.2\lib\idea_rt.jar=56332:C:\Program Files\JetBrains\IntelliJ IDEA 2022.1.2\bin" -Dfile.encoding=UTF-8 -classpath C:\Users\hp_evgen\IntellijIDEA_2022\javaPro-task8\target\classes;C:\Users\hp_evgen\.m2\repository\org\springframework\boot\spring-boot-starter-web\3.4.3\spring-boot-starter-web-3.4.3.jar;C:\Users\hp_evgen\.m2\repository\org\springframework\boot\spring-boot-starter\3.4.3\spring-boot-starter-3.4.3.jar;C:\Users\hp_evgen\.m2\repository\org\springframework\boot\spring-boot\3.4.3\spring-boot-3.4.3.jar;C:\Users\hp_evgen\.m2\repository\org\springframework\boot\spring-boot-autoconfigure\3.4.3\spring-boot-autoconfigure-3.4.3.jar;C:\Users\hp_evgen\.m2\repository\org\springframework\boot\spring-boot-starter-logging\3.4.3\spring-boot-starter-logging-3.4.3.jar;C:\Users\hp_evgen\.m2\repository\ch\qos\logback\logback-classic\1.5.16\logback-classic-1.5.16.jar;C:\Users\hp_evgen\.m2\repository\ch\qos\logback\logback-core\1.5.16\logback-core-1.5.16.jar;C:\Users\hp_evgen\.m2\repository\org\apache\logging\log4j\log4j-to-slf4j\2.24.3\log4j-to-slf4j-2.24.3.jar;C:\Users\hp_evgen\.m2\repository\org\apache\logging\log4j\log4j-api\2.24.3\log4j-api-2.24.3.jar;C:\Users\hp_evgen\.m2\repository\org\slf4j\jul-to-slf4j\2.0.16\jul-to-slf4j-2.0.16.jar;C:\Users\hp_evgen\.m2\repository\jakarta\annotation\jakarta.annotation-api\2.1.1\jakarta.annotation-api-2.1.1.jar;C:\Users\hp_evgen\.m2\repository\org\springframework\spring-core\6.2.3\spring-core-6.2.3.jar;C:\Users\hp_evgen\.m2\repository\org\springframework\spring-jcl\6.2.3\spring-jcl-6.2.3.jar;C:\Users\hp_evgen\.m2\repository\org\yaml\snakeyaml\2.3\snakeyaml-2.3.jar;C:\Users\hp_evgen\.m2\repository\org\springframework\boot\spring-boot-starter-json\3.4.3\spring-boot-starter-json-3.4.3.jar;C:\Users\hp_evgen\.m2\repository\com\fasterxml\jackson\core\jackson-databind\2.18.2\jackson-databind-2.18.2.jar;C:\Users\hp_evgen\.m2\repository\com\fasterxml\jackson\datatype\jackson-datatype-jdk8\2.18.2\jackson-datatype-jdk8-2.18.2.jar;C:\Users\hp_evgen\.m2\repository\com\fasterxml\jackson\module\jackson-module-parameter-names\2.18.2\jackson-module-parameter-names-2.18.2.jar;C:\Users\hp_evgen\.m2\repository\org\springframework\boot\spring-boot-starter-tomcat\3.4.3\spring-boot-starter-tomcat-3.4.3.jar;C:\Users\hp_evgen\.m2\repository\org\apache\tomcat\embed\tomcat-embed-core\10.1.36\tomcat-embed-core-10.1.36.jar;C:\Users\hp_evgen\.m2\repository\org\apache\tomcat\embed\tomcat-embed-el\10.1.36\tomcat-embed-el-10.1.36.jar;C:\Users\hp_evgen\.m2\repository\org\apache\tomcat\embed\tomcat-embed-websocket\10.1.36\tomcat-embed-websocket-10.1.36.jar;C:\Users\hp_evgen\.m2\repository\org\springframework\spring-web\6.2.3\spring-web-6.2.3.jar;C:\Users\hp_evgen\.m2\repository\org\springframework\spring-beans\6.2.3\spring-beans-6.2.3.jar;C:\Users\hp_evgen\.m2\repository\io\micrometer\micrometer-observation\1.14.4\micrometer-observation-1.14.4.jar;C:\Users\hp_evgen\.m2\repository\io\micrometer\micrometer-commons\1.14.4\micrometer-commons-1.14.4.jar;C:\Users\hp_evgen\.m2\repository\org\springframework\spring-webmvc\6.2.3\spring-webmvc-6.2.3.jar;C:\Users\hp_evgen\.m2\repository\org\springframework\spring-aop\6.2.3\spring-aop-6.2.3.jar;C:\Users\hp_evgen\.m2\repository\org\springframework\spring-context\6.2.3\spring-context-6.2.3.jar;C:\Users\hp_evgen\.m2\repository\org\springframework\spring-expression\6.2.3\spring-expression-6.2.3.jar;C:\Users\hp_evgen\.m2\repository\org\springframework\boot\spring-boot-starter-data-jpa\3.4.3\spring-boot-starter-data-jpa-3.4.3.jar;C:\Users\hp_evgen\.m2\repository\org\springframework\boot\spring-boot-starter-jdbc\3.4.3\spring-boot-starter-jdbc-3.4.3.jar;C:\Users\hp_evgen\.m2\repository\com\zaxxer\HikariCP\5.1.0\HikariCP-5.1.0.jar;C:\Users\hp_evgen\.m2\repository\org\springframework\spring-jdbc\6.2.3\spring-jdbc-6.2.3.jar;C:\Users\hp_evgen\.m2\repository\org\hibernate\orm\hibernate-core\6.6.8.Final\hibernate-core-6.6.8.Final.jar;C:\Users\hp_evgen\.m2\repository\jakarta\persistence\jakarta.persistence-api\3.1.0\jakarta.persistence-api-3.1.0.jar;C:\Users\hp_evgen\.m2\repository\jakarta\transaction\jakarta.transaction-api\2.0.1\jakarta.transaction-api-2.0.1.jar;C:\Users\hp_evgen\.m2\repository\org\jboss\logging\jboss-logging\3.6.1.Final\jboss-logging-3.6.1.Final.jar;C:\Users\hp_evgen\.m2\repository\org\hibernate\common\hibernate-commons-annotations\7.0.3.Final\hibernate-commons-annotations-7.0.3.Final.jar;C:\Users\hp_evgen\.m2\repository\io\smallrye\jandex\3.2.0\jandex-3.2.0.jar;C:\Users\hp_evgen\.m2\repository\com\fasterxml\classmate\1.7.0\classmate-1.7.0.jar;C:\Users\hp_evgen\.m2\repository\net\bytebuddy\byte-buddy\1.15.11\byte-buddy-1.15.11.jar;C:\Users\hp_evgen\.m2\repository\jakarta\xml\bind\jakarta.xml.bind-api\4.0.2\jakarta.xml.bind-api-4.0.2.jar;C:\Users\hp_evgen\.m2\repository\jakarta\activation\jakarta.activation-api\2.1.3\jakarta.activation-api-2.1.3.jar;C:\Users\hp_evgen\.m2\repository\org\glassfish\jaxb\jaxb-runtime\4.0.5\jaxb-runtime-4.0.5.jar;C:\Users\hp_evgen\.m2\repository\org\glassfish\jaxb\jaxb-core\4.0.5\jaxb-core-4.0.5.jar;C:\Users\hp_evgen\.m2\repository\org\eclipse\angus\angus-activation\2.0.2\angus-activation-2.0.2.jar;C:\Users\hp_evgen\.m2\repository\org\glassfish\jaxb\txw2\4.0.5\txw2-4.0.5.jar;C:\Users\hp_evgen\.m2\repository\com\sun\istack\istack-commons-runtime\4.1.2\istack-commons-runtime-4.1.2.jar;C:\Users\hp_evgen\.m2\repository\jakarta\inject\jakarta.inject-api\2.0.1\jakarta.inject-api-2.0.1.jar;C:\Users\hp_evgen\.m2\repository\org\antlr\antlr4-runtime\4.13.0\antlr4-runtime-4.13.0.jar;C:\Users\hp_evgen\.m2\repository\org\springframework\data\spring-data-jpa\3.4.3\spring-data-jpa-3.4.3.jar;C:\Users\hp_evgen\.m2\repository\org\springframework\data\spring-data-commons\3.4.3\spring-data-commons-3.4.3.jar;C:\Users\hp_evgen\.m2\repository\org\springframework\spring-orm\6.2.3\spring-orm-6.2.3.jar;C:\Users\hp_evgen\.m2\repository\org\springframework\spring-tx\6.2.3\spring-tx-6.2.3.jar;C:\Users\hp_evgen\.m2\repository\org\slf4j\slf4j-api\2.0.16\slf4j-api-2.0.16.jar;C:\Users\hp_evgen\.m2\repository\org\springframework\spring-aspects\6.2.3\spring-aspects-6.2.3.jar;C:\Users\hp_evgen\.m2\repository\org\aspectj\aspectjweaver\1.9.22.1\aspectjweaver-1.9.22.1.jar;C:\Users\hp_evgen\.m2\repository\org\postgresql\postgresql\42.7.5\postgresql-42.7.5.jar;C:\Users\hp_evgen\.m2\repository\org\checkerframework\checker-qual\3.48.3\checker-qual-3.48.3.jar;C:\Users\hp_evgen\.m2\repository\org\projectlombok\lombok\1.18.36\lombok-1.18.36.jar;C:\Users\hp_evgen\.m2\repository\org\flywaydb\flyway-core\11.3.3\flyway-core-11.3.3.jar;C:\Users\hp_evgen\.m2\repository\com\fasterxml\jackson\dataformat\jackson-dataformat-toml\2.18.2\jackson-dataformat-toml-2.18.2.jar;C:\Users\hp_evgen\.m2\repository\com\fasterxml\jackson\core\jackson-core\2.18.2\jackson-core-2.18.2.jar;C:\Users\hp_evgen\.m2\repository\com\fasterxml\jackson\datatype\jackson-datatype-jsr310\2.18.2\jackson-datatype-jsr310-2.18.2.jar;C:\Users\hp_evgen\.m2\repository\com\fasterxml\jackson\core\jackson-annotations\2.18.2\jackson-annotations-2.18.2.jar;C:\Users\hp_evgen\.m2\repository\org\flywaydb\flyway-database-postgresql\11.3.3\flyway-database-postgresql-11.3.3.jar ru.vtb.javaPro.ApplicationLimits
OpenJDK 64-Bit Server VM warning: Options -Xverify:none and -noverify were deprecated in JDK 13 and will likely be removed in a future release.

  .   ____          _            __ _ _
 /\\ / ___'_ __ _ _(_)_ __  __ _ \ \ \ \
( ( )\___ | '_ | '_| | '_ \/ _` | \ \ \ \
 \\/  ___)| |_)| | | | | || (_| |  ) ) ) )
  '  |____| .__|_| |_|_| |_\__, | / / / /
 =========|_|==============|___/=/_/_/_/

 :: Spring Boot ::                (v3.4.3)

2025-03-17T17:45:01.789+07:00  INFO 17792 --- [limit-core] [           main] ru.vtb.javaPro.ApplicationLimits         : Starting ApplicationLimits using Java 17.0.2 with PID 17792 (C:\Users\hp_evgen\IntellijIDEA_2022\javaPro-task8\target\classes started by hp_evgen in C:\Users\hp_evgen\IntellijIDEA_2022\javaPro-task8)
2025-03-17T17:45:01.799+07:00  INFO 17792 --- [limit-core] [           main] ru.vtb.javaPro.ApplicationLimits         : No active profile set, falling back to 1 default profile: "default"
2025-03-17T17:45:04.001+07:00  INFO 17792 --- [limit-core] [           main] .s.d.r.c.RepositoryConfigurationDelegate : Bootstrapping Spring Data JPA repositories in DEFAULT mode.
2025-03-17T17:45:04.211+07:00  INFO 17792 --- [limit-core] [           main] .s.d.r.c.RepositoryConfigurationDelegate : Finished Spring Data repository scanning in 176 ms. Found 1 JPA repository interface.
2025-03-17T17:45:05.788+07:00  INFO 17792 --- [limit-core] [           main] o.s.b.w.embedded.tomcat.TomcatWebServer  : Tomcat initialized with port 8991 (http)
2025-03-17T17:45:05.822+07:00  INFO 17792 --- [limit-core] [           main] o.apache.catalina.core.StandardService   : Starting service [Tomcat]
2025-03-17T17:45:05.822+07:00  INFO 17792 --- [limit-core] [           main] o.apache.catalina.core.StandardEngine    : Starting Servlet engine: [Apache Tomcat/10.1.36]
2025-03-17T17:45:05.982+07:00  INFO 17792 --- [limit-core] [           main] o.a.c.c.C.[.[.[/v1/api/payments]         : Initializing Spring embedded WebApplicationContext
2025-03-17T17:45:05.985+07:00  INFO 17792 --- [limit-core] [           main] w.s.c.ServletWebServerApplicationContext : Root WebApplicationContext: initialization completed in 4008 ms
2025-03-17T17:45:06.721+07:00  INFO 17792 --- [limit-core] [           main] com.zaxxer.hikari.HikariDataSource       : HikariPool-1 - Starting...
2025-03-17T17:45:07.038+07:00  INFO 17792 --- [limit-core] [           main] com.zaxxer.hikari.pool.HikariPool        : HikariPool-1 - Added connection org.postgresql.jdbc.PgConnection@2f9a10df
2025-03-17T17:45:07.042+07:00  INFO 17792 --- [limit-core] [           main] com.zaxxer.hikari.HikariDataSource       : HikariPool-1 - Start completed.
2025-03-17T17:45:07.119+07:00  INFO 17792 --- [limit-core] [           main] org.flywaydb.core.FlywayExecutor         : Database: jdbc:postgresql://localhost:5432/limitsjavapro (PostgreSQL 16.2)
2025-03-17T17:45:07.288+07:00  INFO 17792 --- [limit-core] [           main] o.f.core.internal.command.DbValidate     : Successfully validated 1 migration (execution time 00:00.104s)
2025-03-17T17:45:07.388+07:00  INFO 17792 --- [limit-core] [           main] o.f.core.internal.command.DbMigrate      : Current version of schema "public": 1
2025-03-17T17:45:07.396+07:00  INFO 17792 --- [limit-core] [           main] o.f.core.internal.command.DbMigrate      : Schema "public" is up to date. No migration necessary.
2025-03-17T17:45:07.659+07:00  INFO 17792 --- [limit-core] [           main] o.hibernate.jpa.internal.util.LogHelper  : HHH000204: Processing PersistenceUnitInfo [name: default]
2025-03-17T17:45:07.822+07:00  INFO 17792 --- [limit-core] [           main] org.hibernate.Version                    : HHH000412: Hibernate ORM core version 6.6.8.Final
2025-03-17T17:45:07.981+07:00  INFO 17792 --- [limit-core] [           main] o.h.c.internal.RegionFactoryInitiator    : HHH000026: Second-level cache disabled
2025-03-17T17:45:08.981+07:00  INFO 17792 --- [limit-core] [           main] o.s.o.j.p.SpringPersistenceUnitInfo      : No LoadTimeWeaver setup: ignoring JPA class transformer
2025-03-17T17:45:09.201+07:00  INFO 17792 --- [limit-core] [           main] org.hibernate.orm.connections.pooling    : HHH10001005: Database info:
	Database JDBC URL [Connecting through datasource 'HikariDataSource (HikariPool-1)']
	Database driver: undefined/unknown
	Database version: 16.2
	Autocommit mode: undefined/unknown
	Isolation level: undefined/unknown
	Minimum pool size: undefined/unknown
	Maximum pool size: undefined/unknown
2025-03-17T17:45:11.156+07:00  INFO 17792 --- [limit-core] [           main] o.h.e.t.j.p.i.JtaPlatformInitiator       : HHH000489: No JTA platform available (set 'hibernate.transaction.jta.platform' to enable JTA platform integration)
2025-03-17T17:45:11.168+07:00  INFO 17792 --- [limit-core] [           main] j.LocalContainerEntityManagerFactoryBean : Initialized JPA EntityManagerFactory for persistence unit 'default'
2025-03-17T17:45:13.003+07:00  INFO 17792 --- [limit-core] [           main] o.s.b.w.embedded.tomcat.TomcatWebServer  : Tomcat started on port 8991 (http) with context path '/v1/api/payments'
2025-03-17T17:45:13.043+07:00  INFO 17792 --- [limit-core] [           main] ru.vtb.javaPro.ApplicationLimits         : Started ApplicationLimits in 12.64 seconds (process running for 14.532)
2025-03-17T17:48:37.174+07:00  INFO 17792 --- [limit-core] [nio-8991-exec-2] o.a.c.c.C.[.[.[/v1/api/payments]         : Initializing Spring DispatcherServlet 'dispatcherServlet'
2025-03-17T17:48:37.176+07:00  INFO 17792 --- [limit-core] [nio-8991-exec-2] o.s.web.servlet.DispatcherServlet        : Initializing Servlet 'dispatcherServlet'
2025-03-17T17:48:37.180+07:00  INFO 17792 --- [limit-core] [nio-8991-exec-2] o.s.web.servlet.DispatcherServlet        : Completed initialization in 3 ms
2025-03-17T17:48:37.377+07:00  INFO 17792 --- [limit-core] [nio-8991-exec-2] r.v.javaPro.controller.LimitController   : Проверить лимит у user с id: 1, переданная сумма платежа: 10
Hibernate: select l1_0.id,l1_0.block_amount,l1_0.limit_summa,l1_0.userid from limits l1_0 where l1_0.id=?
2025-03-17T17:48:49.125+07:00  INFO 17792 --- [limit-core] [nio-8991-exec-3] r.v.javaPro.controller.LimitController   : Холдировать сумму у пользователя с id: 1, переданная сумма: 1
Hibernate: select l1_0.id,l1_0.block_amount,l1_0.limit_summa,l1_0.userid from limits l1_0 where l1_0.id=?
Hibernate: select l1_0.id,l1_0.block_amount,l1_0.limit_summa,l1_0.userid from limits l1_0 where l1_0.id=?
Hibernate: update limits set block_amount=?,limit_summa=?,userid=? where id=?
2025-03-17T17:49:06.862+07:00  INFO 17792 --- [limit-core] [nio-8991-exec-4] r.v.javaPro.controller.LimitController   : Холдировать сумму у пользователя с id: 1, переданная сумма: 5000
Hibernate: select l1_0.id,l1_0.block_amount,l1_0.limit_summa,l1_0.userid from limits l1_0 where l1_0.id=?
Hibernate: select l1_0.id,l1_0.block_amount,l1_0.limit_summa,l1_0.userid from limits l1_0 where l1_0.id=?
Hibernate: update limits set block_amount=?,limit_summa=?,userid=? where id=?
2025-03-17T17:49:24.914+07:00  INFO 17792 --- [limit-core] [nio-8991-exec-5] r.v.javaPro.controller.LimitController   : Подтверждение платежа у пользователя с id: 1, сумма 9002
Hibernate: select l1_0.id,l1_0.block_amount,l1_0.limit_summa,l1_0.userid from limits l1_0 where l1_0.id=?
2025-03-17T17:55:33.734+07:00  INFO 17792 --- [limit-core] [nio-8991-exec-6] r.v.javaPro.controller.LimitController   : Подтверждение платежа у пользователя с id: 1, сумма 4000
Hibernate: select l1_0.id,l1_0.block_amount,l1_0.limit_summa,l1_0.userid from limits l1_0 where l1_0.id=?
Hibernate: select l1_0.id,l1_0.block_amount,l1_0.limit_summa,l1_0.userid from limits l1_0 where l1_0.id=?
Hibernate: update limits set block_amount=?,limit_summa=?,userid=? where id=?
2025-03-17T18:03:08.159+07:00  INFO 17792 --- [limit-core] [nio-8991-exec-9] r.v.javaPro.controller.LimitController   : Восстановить сумму холдирования у пользователя с id: 1, переданная сумма 2000
Hibernate: select l1_0.id,l1_0.block_amount,l1_0.limit_summa,l1_0.userid from limits l1_0 where l1_0.id=?
2025-03-17T18:05:15.085+07:00  INFO 17792 --- [limit-core] [nio-8991-exec-1] r.v.javaPro.controller.LimitController   : Восстановить сумму холдирования у пользователя с id: 1, переданная сумма 500
Hibernate: select l1_0.id,l1_0.block_amount,l1_0.limit_summa,l1_0.userid from limits l1_0 where l1_0.id=?
Hibernate: select l1_0.id,l1_0.block_amount,l1_0.limit_summa,l1_0.userid from limits l1_0 where l1_0.id=?
Hibernate: update limits set block_amount=?,limit_summa=?,userid=? where id=?

Перезапуск приложения, проверяем планировщик заданий (job):
E:\distr\Java\JDK_17\bin\java.exe -XX:TieredStopAtLevel=1 -noverify -Dspring.output.ansi.enabled=always -Dcom.sun.management.jmxremote -Dspring.jmx.enabled=true -Dspring.liveBeansView.mbeanDomain -Dspring.application.admin.enabled=true "-javaagent:C:\Program Files\JetBrains\IntelliJ IDEA 2022.1.2\lib\idea_rt.jar=63835:C:\Program Files\JetBrains\IntelliJ IDEA 2022.1.2\bin" -Dfile.encoding=UTF-8 -classpath C:\Users\hp_evgen\IntellijIDEA_2022\javaPro-task8\target\classes;C:\Users\hp_evgen\.m2\repository\org\springframework\boot\spring-boot-starter-web\3.4.3\spring-boot-starter-web-3.4.3.jar;C:\Users\hp_evgen\.m2\repository\org\springframework\boot\spring-boot-starter\3.4.3\spring-boot-starter-3.4.3.jar;C:\Users\hp_evgen\.m2\repository\org\springframework\boot\spring-boot\3.4.3\spring-boot-3.4.3.jar;C:\Users\hp_evgen\.m2\repository\org\springframework\boot\spring-boot-autoconfigure\3.4.3\spring-boot-autoconfigure-3.4.3.jar;C:\Users\hp_evgen\.m2\repository\org\springframework\boot\spring-boot-starter-logging\3.4.3\spring-boot-starter-logging-3.4.3.jar;C:\Users\hp_evgen\.m2\repository\ch\qos\logback\logback-classic\1.5.16\logback-classic-1.5.16.jar;C:\Users\hp_evgen\.m2\repository\ch\qos\logback\logback-core\1.5.16\logback-core-1.5.16.jar;C:\Users\hp_evgen\.m2\repository\org\apache\logging\log4j\log4j-to-slf4j\2.24.3\log4j-to-slf4j-2.24.3.jar;C:\Users\hp_evgen\.m2\repository\org\apache\logging\log4j\log4j-api\2.24.3\log4j-api-2.24.3.jar;C:\Users\hp_evgen\.m2\repository\org\slf4j\jul-to-slf4j\2.0.16\jul-to-slf4j-2.0.16.jar;C:\Users\hp_evgen\.m2\repository\jakarta\annotation\jakarta.annotation-api\2.1.1\jakarta.annotation-api-2.1.1.jar;C:\Users\hp_evgen\.m2\repository\org\springframework\spring-core\6.2.3\spring-core-6.2.3.jar;C:\Users\hp_evgen\.m2\repository\org\springframework\spring-jcl\6.2.3\spring-jcl-6.2.3.jar;C:\Users\hp_evgen\.m2\repository\org\yaml\snakeyaml\2.3\snakeyaml-2.3.jar;C:\Users\hp_evgen\.m2\repository\org\springframework\boot\spring-boot-starter-json\3.4.3\spring-boot-starter-json-3.4.3.jar;C:\Users\hp_evgen\.m2\repository\com\fasterxml\jackson\core\jackson-databind\2.18.2\jackson-databind-2.18.2.jar;C:\Users\hp_evgen\.m2\repository\com\fasterxml\jackson\datatype\jackson-datatype-jdk8\2.18.2\jackson-datatype-jdk8-2.18.2.jar;C:\Users\hp_evgen\.m2\repository\com\fasterxml\jackson\module\jackson-module-parameter-names\2.18.2\jackson-module-parameter-names-2.18.2.jar;C:\Users\hp_evgen\.m2\repository\org\springframework\boot\spring-boot-starter-tomcat\3.4.3\spring-boot-starter-tomcat-3.4.3.jar;C:\Users\hp_evgen\.m2\repository\org\apache\tomcat\embed\tomcat-embed-core\10.1.36\tomcat-embed-core-10.1.36.jar;C:\Users\hp_evgen\.m2\repository\org\apache\tomcat\embed\tomcat-embed-el\10.1.36\tomcat-embed-el-10.1.36.jar;C:\Users\hp_evgen\.m2\repository\org\apache\tomcat\embed\tomcat-embed-websocket\10.1.36\tomcat-embed-websocket-10.1.36.jar;C:\Users\hp_evgen\.m2\repository\org\springframework\spring-web\6.2.3\spring-web-6.2.3.jar;C:\Users\hp_evgen\.m2\repository\org\springframework\spring-beans\6.2.3\spring-beans-6.2.3.jar;C:\Users\hp_evgen\.m2\repository\io\micrometer\micrometer-observation\1.14.4\micrometer-observation-1.14.4.jar;C:\Users\hp_evgen\.m2\repository\io\micrometer\micrometer-commons\1.14.4\micrometer-commons-1.14.4.jar;C:\Users\hp_evgen\.m2\repository\org\springframework\spring-webmvc\6.2.3\spring-webmvc-6.2.3.jar;C:\Users\hp_evgen\.m2\repository\org\springframework\spring-aop\6.2.3\spring-aop-6.2.3.jar;C:\Users\hp_evgen\.m2\repository\org\springframework\spring-context\6.2.3\spring-context-6.2.3.jar;C:\Users\hp_evgen\.m2\repository\org\springframework\spring-expression\6.2.3\spring-expression-6.2.3.jar;C:\Users\hp_evgen\.m2\repository\org\springframework\boot\spring-boot-starter-data-jpa\3.4.3\spring-boot-starter-data-jpa-3.4.3.jar;C:\Users\hp_evgen\.m2\repository\org\springframework\boot\spring-boot-starter-jdbc\3.4.3\spring-boot-starter-jdbc-3.4.3.jar;C:\Users\hp_evgen\.m2\repository\com\zaxxer\HikariCP\5.1.0\HikariCP-5.1.0.jar;C:\Users\hp_evgen\.m2\repository\org\springframework\spring-jdbc\6.2.3\spring-jdbc-6.2.3.jar;C:\Users\hp_evgen\.m2\repository\org\hibernate\orm\hibernate-core\6.6.8.Final\hibernate-core-6.6.8.Final.jar;C:\Users\hp_evgen\.m2\repository\jakarta\persistence\jakarta.persistence-api\3.1.0\jakarta.persistence-api-3.1.0.jar;C:\Users\hp_evgen\.m2\repository\jakarta\transaction\jakarta.transaction-api\2.0.1\jakarta.transaction-api-2.0.1.jar;C:\Users\hp_evgen\.m2\repository\org\jboss\logging\jboss-logging\3.6.1.Final\jboss-logging-3.6.1.Final.jar;C:\Users\hp_evgen\.m2\repository\org\hibernate\common\hibernate-commons-annotations\7.0.3.Final\hibernate-commons-annotations-7.0.3.Final.jar;C:\Users\hp_evgen\.m2\repository\io\smallrye\jandex\3.2.0\jandex-3.2.0.jar;C:\Users\hp_evgen\.m2\repository\com\fasterxml\classmate\1.7.0\classmate-1.7.0.jar;C:\Users\hp_evgen\.m2\repository\net\bytebuddy\byte-buddy\1.15.11\byte-buddy-1.15.11.jar;C:\Users\hp_evgen\.m2\repository\jakarta\xml\bind\jakarta.xml.bind-api\4.0.2\jakarta.xml.bind-api-4.0.2.jar;C:\Users\hp_evgen\.m2\repository\jakarta\activation\jakarta.activation-api\2.1.3\jakarta.activation-api-2.1.3.jar;C:\Users\hp_evgen\.m2\repository\org\glassfish\jaxb\jaxb-runtime\4.0.5\jaxb-runtime-4.0.5.jar;C:\Users\hp_evgen\.m2\repository\org\glassfish\jaxb\jaxb-core\4.0.5\jaxb-core-4.0.5.jar;C:\Users\hp_evgen\.m2\repository\org\eclipse\angus\angus-activation\2.0.2\angus-activation-2.0.2.jar;C:\Users\hp_evgen\.m2\repository\org\glassfish\jaxb\txw2\4.0.5\txw2-4.0.5.jar;C:\Users\hp_evgen\.m2\repository\com\sun\istack\istack-commons-runtime\4.1.2\istack-commons-runtime-4.1.2.jar;C:\Users\hp_evgen\.m2\repository\jakarta\inject\jakarta.inject-api\2.0.1\jakarta.inject-api-2.0.1.jar;C:\Users\hp_evgen\.m2\repository\org\antlr\antlr4-runtime\4.13.0\antlr4-runtime-4.13.0.jar;C:\Users\hp_evgen\.m2\repository\org\springframework\data\spring-data-jpa\3.4.3\spring-data-jpa-3.4.3.jar;C:\Users\hp_evgen\.m2\repository\org\springframework\data\spring-data-commons\3.4.3\spring-data-commons-3.4.3.jar;C:\Users\hp_evgen\.m2\repository\org\springframework\spring-orm\6.2.3\spring-orm-6.2.3.jar;C:\Users\hp_evgen\.m2\repository\org\springframework\spring-tx\6.2.3\spring-tx-6.2.3.jar;C:\Users\hp_evgen\.m2\repository\org\slf4j\slf4j-api\2.0.16\slf4j-api-2.0.16.jar;C:\Users\hp_evgen\.m2\repository\org\springframework\spring-aspects\6.2.3\spring-aspects-6.2.3.jar;C:\Users\hp_evgen\.m2\repository\org\aspectj\aspectjweaver\1.9.22.1\aspectjweaver-1.9.22.1.jar;C:\Users\hp_evgen\.m2\repository\org\postgresql\postgresql\42.7.5\postgresql-42.7.5.jar;C:\Users\hp_evgen\.m2\repository\org\checkerframework\checker-qual\3.48.3\checker-qual-3.48.3.jar;C:\Users\hp_evgen\.m2\repository\org\projectlombok\lombok\1.18.36\lombok-1.18.36.jar;C:\Users\hp_evgen\.m2\repository\org\flywaydb\flyway-core\11.3.3\flyway-core-11.3.3.jar;C:\Users\hp_evgen\.m2\repository\com\fasterxml\jackson\dataformat\jackson-dataformat-toml\2.18.2\jackson-dataformat-toml-2.18.2.jar;C:\Users\hp_evgen\.m2\repository\com\fasterxml\jackson\core\jackson-core\2.18.2\jackson-core-2.18.2.jar;C:\Users\hp_evgen\.m2\repository\com\fasterxml\jackson\datatype\jackson-datatype-jsr310\2.18.2\jackson-datatype-jsr310-2.18.2.jar;C:\Users\hp_evgen\.m2\repository\com\fasterxml\jackson\core\jackson-annotations\2.18.2\jackson-annotations-2.18.2.jar;C:\Users\hp_evgen\.m2\repository\org\flywaydb\flyway-database-postgresql\11.3.3\flyway-database-postgresql-11.3.3.jar ru.vtb.javaPro.ApplicationLimits
OpenJDK 64-Bit Server VM warning: Options -Xverify:none and -noverify were deprecated in JDK 13 and will likely be removed in a future release.

  .   ____          _            __ _ _
 /\\ / ___'_ __ _ _(_)_ __  __ _ \ \ \ \
( ( )\___ | '_ | '_| | '_ \/ _` | \ \ \ \
 \\/  ___)| |_)| | | | | || (_| |  ) ) ) )
  '  |____| .__|_| |_|_| |_\__, | / / / /
 =========|_|==============|___/=/_/_/_/

 :: Spring Boot ::                (v3.4.3)

2025-03-17T18:07:54.428+07:00  INFO 22512 --- [limit-core] [           main] ru.vtb.javaPro.ApplicationLimits         : Starting ApplicationLimits using Java 17.0.2 with PID 22512 (C:\Users\hp_evgen\IntellijIDEA_2022\javaPro-task8\target\classes started by hp_evgen in C:\Users\hp_evgen\IntellijIDEA_2022\javaPro-task8)
2025-03-17T18:07:54.451+07:00  INFO 22512 --- [limit-core] [           main] ru.vtb.javaPro.ApplicationLimits         : No active profile set, falling back to 1 default profile: "default"
2025-03-17T18:07:56.659+07:00  INFO 22512 --- [limit-core] [           main] .s.d.r.c.RepositoryConfigurationDelegate : Bootstrapping Spring Data JPA repositories in DEFAULT mode.
2025-03-17T18:07:56.892+07:00  INFO 22512 --- [limit-core] [           main] .s.d.r.c.RepositoryConfigurationDelegate : Finished Spring Data repository scanning in 176 ms. Found 1 JPA repository interface.
2025-03-17T18:07:58.609+07:00  INFO 22512 --- [limit-core] [           main] o.s.b.w.embedded.tomcat.TomcatWebServer  : Tomcat initialized with port 8991 (http)
2025-03-17T18:07:58.649+07:00  INFO 22512 --- [limit-core] [           main] o.apache.catalina.core.StandardService   : Starting service [Tomcat]
2025-03-17T18:07:58.650+07:00  INFO 22512 --- [limit-core] [           main] o.apache.catalina.core.StandardEngine    : Starting Servlet engine: [Apache Tomcat/10.1.36]
2025-03-17T18:07:58.869+07:00  INFO 22512 --- [limit-core] [           main] o.a.c.c.C.[.[.[/v1/api/payments]         : Initializing Spring embedded WebApplicationContext
2025-03-17T18:07:58.872+07:00  INFO 22512 --- [limit-core] [           main] w.s.c.ServletWebServerApplicationContext : Root WebApplicationContext: initialization completed in 4222 ms
2025-03-17T18:07:59.646+07:00  INFO 22512 --- [limit-core] [           main] com.zaxxer.hikari.HikariDataSource       : HikariPool-1 - Starting...
2025-03-17T18:07:59.975+07:00  INFO 22512 --- [limit-core] [           main] com.zaxxer.hikari.pool.HikariPool        : HikariPool-1 - Added connection org.postgresql.jdbc.PgConnection@2f9a10df
2025-03-17T18:07:59.980+07:00  INFO 22512 --- [limit-core] [           main] com.zaxxer.hikari.HikariDataSource       : HikariPool-1 - Start completed.
2025-03-17T18:08:00.097+07:00  INFO 22512 --- [limit-core] [           main] org.flywaydb.core.FlywayExecutor         : Database: jdbc:postgresql://localhost:5432/limitsjavapro (PostgreSQL 16.2)
2025-03-17T18:08:00.267+07:00  INFO 22512 --- [limit-core] [           main] o.f.core.internal.command.DbValidate     : Successfully validated 1 migration (execution time 00:00.109s)
2025-03-17T18:08:00.384+07:00  INFO 22512 --- [limit-core] [           main] o.f.core.internal.command.DbMigrate      : Current version of schema "public": 1
2025-03-17T18:08:00.391+07:00  INFO 22512 --- [limit-core] [           main] o.f.core.internal.command.DbMigrate      : Schema "public" is up to date. No migration necessary.
2025-03-17T18:08:00.684+07:00  INFO 22512 --- [limit-core] [           main] o.hibernate.jpa.internal.util.LogHelper  : HHH000204: Processing PersistenceUnitInfo [name: default]
2025-03-17T18:08:00.841+07:00  INFO 22512 --- [limit-core] [           main] org.hibernate.Version                    : HHH000412: Hibernate ORM core version 6.6.8.Final
2025-03-17T18:08:01.011+07:00  INFO 22512 --- [limit-core] [           main] o.h.c.internal.RegionFactoryInitiator    : HHH000026: Second-level cache disabled
2025-03-17T18:08:02.043+07:00  INFO 22512 --- [limit-core] [           main] o.s.o.j.p.SpringPersistenceUnitInfo      : No LoadTimeWeaver setup: ignoring JPA class transformer
2025-03-17T18:08:02.254+07:00  INFO 22512 --- [limit-core] [           main] org.hibernate.orm.connections.pooling    : HHH10001005: Database info:
	Database JDBC URL [Connecting through datasource 'HikariDataSource (HikariPool-1)']
	Database driver: undefined/unknown
	Database version: 16.2
	Autocommit mode: undefined/unknown
	Isolation level: undefined/unknown
	Minimum pool size: undefined/unknown
	Maximum pool size: undefined/unknown
2025-03-17T18:08:04.339+07:00  INFO 22512 --- [limit-core] [           main] o.h.e.t.j.p.i.JtaPlatformInitiator       : HHH000489: No JTA platform available (set 'hibernate.transaction.jta.platform' to enable JTA platform integration)
2025-03-17T18:08:04.353+07:00  INFO 22512 --- [limit-core] [           main] j.LocalContainerEntityManagerFactoryBean : Initialized JPA EntityManagerFactory for persistence unit 'default'
2025-03-17T18:08:06.272+07:00  INFO 22512 --- [limit-core] [           main] o.s.b.w.embedded.tomcat.TomcatWebServer  : Tomcat started on port 8991 (http) with context path '/v1/api/payments'
2025-03-17T18:08:06.315+07:00  INFO 22512 --- [limit-core] [           main] ru.vtb.javaPro.ApplicationLimits         : Started ApplicationLimits in 13.369 seconds (process running for 15.507)
2025-03-17T18:09:00.106+07:00  INFO 22512 --- [limit-core] [         task-1] ru.vtb.javaPro.service.LimitService      : Запустился планировщик
Hibernate: select l1_0.id,l1_0.block_amount,l1_0.limit_summa,l1_0.userid from limits l1_0
Hibernate: update limits set block_amount=?,limit_summa=?,userid=? where id=?
